
> backend@1.0.0 dev
> nodemon src/server.js

[33m[nodemon] 3.1.11[39m
[33m[nodemon] to restart at any time, enter `rs`[39m
[33m[nodemon] watching path(s): *.*[39m
[33m[nodemon] watching extensions: js,mjs,cjs,json[39m
[32m[nodemon] starting `node src/server.js`[39m
[dotenv@17.3.1] injecting env (3) from .env -- tip: ⚙️  load multiple .env files with { path: ['.env.local', '.env'] }
Server runnin[32m[nodemon] restarting due to changes...[39m
[32m[nodemon] restarting due to changes...[39m
[32m[nodemo[dotenv@17.3.1] injecting env (3) from .env -- tip: 🔐 encrypt with Dotenvx: https://dotenvx.com
Server running on port 3001
..[39m
[32m[nodemon] restarting child process[39m
[32m[nodemon] starting `node src/server.js`[39m
[32m[nodemon] restarting due to changes...[39m
[32m[nodemon] starting `node src/server.js`[39m
[dotenv@17.3.1] injecting env (3) from .env -- tip: 🛡️ auth for agents: https://vestauth.com
node:events:486
      throw er; // Unhandled 'error' event
      ^

Error: listen EADDRINUSE: address already in use :::3001
    at Server.setupListenHandle [as _listen2] (node:net:2016:16)
    at listenInCluster (node:net:2073:12)
    at Server.listen (node:net:2178:7)
    at Object.<anonymous> (/home/sunburnz/Documents/RandomProjects/HospitalManagement/backend/src/server.js:13:8)
    at Module._compile (node:internal/modules/cjs/loader:1811:14)
    at Object..js (node:internal/modules/cjs/loader:1942:10)
    at Module.load (node:internal/modules/cjs/loader:1532:32)
    at Module._load (node:internal/modules/cjs/loader:1334:12)
    at wrapModuleLoad (node:internal/modules/cjs/loader:255:19)
    at Module.executeUserEntryPoint [as runMain] (node:internal/modules/run_main:154:5)
Emitted 'error' event on Server instance at:
    at emitErrorNT (node:net:2052:8)
    at process.processTicksAndRejections (node:internal/process/task_queues:90:21) {
  code: 'EADDRINUSE',
  errno: -98,
  syscall: 'listen',
  address: '::',
  port: 3001
}

Node.js v25.6.1
[31m[nodemon] app crashed - waiting for file changes before starting...[39m
